load neural-astar/model/mazes_032_moore_c8/lightning_logs/version_0/checkpoints/epoch=33-step=272.ckpt
FAIL: model forward crashed (IndexError: index -9223372036854775808 is out of bounds for dimension 1 with size 1024)
  start_grid=(11, 16) free=True
  goal_grid=(29, 23) free=True
  32x32 grid ('#'=obstacle, 'S'=start, 'G'=goal):
  ................................
  ........########################
  ........########################
  ........#.....#....###.........#
  ........#.....#..#.###.........#
  ........#....##..#.###.........#
  ........#....##..#.###.........#
  ........#....##..#.###.........#
  ........#....##..#.###.........#
  ........#....##..#.###.........#
  ........#....##..#.###.........#
  ........#....##..#.###.........#
  ........#....##..#.###.........#
  ........#....##..#.###.........#
  ........#....##..#.###.........#
  ........#....##..#.###.........#
  ........#..S.##..#.###.........#
  ........#....##..#.###.........#
  ........#....##..#.###.........#
  ........#....##..#.###.........#
  ........#....##..#.###.........#
  ........#....##..#.###.........#
  ........#....##..#.###.........#
  ........#....##..#.###.......G.#
  ........#....##..#..##.........#
  ........#....##..#.............#
  ........#....##..#.............#
  ........#....##..#.............#
  ........#....##..#.............#
  ........########################
  ........########################
  ................................
